---
source: pgpvis-core/src/convert.rs
assertion_line: 1508
expression: value
---
offset: 0
length: 3
inner:
  length:
    offset: 0
    length: 1
    inner:
      One: 0
  type_id:
    offset: 1
    length: 1
    inner:
      critical: true
      type_id: ~
  data:
    offset: 2
    length: 1
    inner:
      PreferredAeadCiphersuites:
        offset: 2
        length: 1
        inner:
          - offset: 2
            length: 2
            inner:
              - offset: 2
                length: 1
                inner: Aes256
              - offset: 3
                length: 1
                inner: Eax
          - offset: 4
            length: 2
            inner:
              - offset: 4
                length: 1
                inner: Aes192
              - offset: 5
                length: 1
                inner: Ocb
          - offset: 6
            length: 2
            inner:
              - offset: 6
                length: 1
                inner: Aes128
              - offset: 7
                length: 1
                inner: Gcm
