---
source: pgpvis-core/src/convert.rs
assertion_line: 1508
expression: value
---
offset: 0
length: 4
inner:
  length:
    offset: 0
    length: 1
    inner:
      One: 0
  type_id:
    offset: 1
    length: 1
    inner:
      critical: true
      type_id: ~
  data:
    offset: 2
    length: 2
    inner:
      TrustSignature:
        level:
          offset: 2
          length: 1
          inner: 255
        amount:
          offset: 3
          length: 1
          inner: 60
